// Vitest Snapshot v1, https://vitest.dev/guide/snapshot.html

exports[`compareVersion > Parse version string to number then compare > false 1`] = `false`;

exports[`compareVersion > Parse version string to number then compare > true 1`] = `true`;

exports[`compareVersion > Parse version string to number then compare > true 2`] = `true`;

exports[`compareVersion > Parse version string to number then compare 1`] = `true`;

exports[`compareVersion > Parse version string to number then compare 2`] = `true`;

exports[`compareVersion > Parse version string to number then compare 3`] = `false`;
